<?xml version="1.0" encoding="utf-8"?><testsuites><testsuite name="pytest" errors="0" failures="0" skipped="0" tests="131" time="1.903" timestamp="2026-04-07T12:13:30.278390" hostname="runnervm727z3"><testcase classname="config.config_loader_test" name="test_client_filter" time="0.001" /><testcase classname="config.config_loader_test" name="test_create_client_filter" time="0.001" /><testcase classname="config.config_loader_test" name="test_create_shelly_powermeter" time="0.001" /><testcase classname="config.config_loader_test" name="test_create_tasmota_powermeter" time="0.000" /><testcase classname="config.config_loader_test" name="test_create_shrdzm_powermeter" time="0.000" /><testcase classname="config.config_loader_test" name="test_create_emlog_powermeter" time="0.000" /><testcase classname="config.config_loader_test" name="test_create_iobroker_powermeter" time="0.000" /><testcase classname="config.config_loader_test" name="test_create_homeassistant_powermeter" time="0.000" /><testcase classname="config.config_loader_test" name="test_create_vzlogger_powermeter" time="0.000" /><testcase classname="config.config_loader_test" name="test_create_script_powermeter" time="0.000" /><testcase classname="config.config_loader_test" name="test_create_esphome_powermeter" time="0.001" /><testcase classname="config.config_loader_test" name="test_create_amisreader_powermeter" time="0.000" /><testcase classname="config.config_loader_test" name="test_create_modbus_powermeter" time="0.000" /><testcase classname="config.config_loader_test" name="test_create_mqtt_powermeter" time="0.001" /><testcase classname="config.config_loader_test" name="test_create_json_http_powermeter" time="0.000" /><testcase classname="config.config_loader_test" name="test_create_tq_em_powermeter" time="0.000" /><testcase classname="config.config_loader_test" name="test_create_powermeter" time="0.001" /><testcase classname="config.config_loader_test" name="test_read_all_powermeter_configs" time="0.001" /><testcase classname="config.config_loader_test" name="test_safe_getboolean_valid" time="0.000" /><testcase classname="config.config_loader_test" name="test_safe_getboolean_typo_uses_fallback" time="0.000" /><testcase classname="config.config_loader_test" name="test_safe_getboolean_missing_uses_fallback" time="0.000" /><testcase classname="config.config_loader_test" name="test_safe_getint_valid" time="0.000" /><testcase classname="config.config_loader_test" name="test_safe_getint_typo_uses_fallback" time="0.000" /><testcase classname="config.config_loader_test" name="test_safe_getfloat_valid" time="0.000" /><testcase classname="config.config_loader_test" name="test_safe_getfloat_typo_uses_fallback" time="0.000" /><testcase classname="config.config_loader_test" name="test_read_all_powermeter_configs_typo_in_general" time="0.001" /><testcase classname="powermeter.amisreader_test.TestAmisreader" name="test_amisreader_get_powermeter_watts" time="0.002" /><testcase classname="powermeter.deadband_test.TestDeadBandPowermeter" name="test_change_at_deadband_boundary_suppressed" time="0.001" /><testcase classname="powermeter.deadband_test.TestDeadBandPowermeter" name="test_change_outside_deadband_forwarded" time="0.000" /><testcase classname="powermeter.deadband_test.TestDeadBandPowermeter" name="test_change_within_deadband_suppressed" time="0.000" /><testcase classname="powermeter.deadband_test.TestDeadBandPowermeter" name="test_first_reading_always_forwarded" time="0.000" /><testcase classname="powermeter.deadband_test.TestDeadBandPowermeter" name="test_invalid_deadband_raises_error" time="0.000" /><testcase classname="powermeter.deadband_test.TestDeadBandPowermeter" name="test_negative_change_outside_deadband_forwarded" time="0.000" /><testcase classname="powermeter.deadband_test.TestDeadBandPowermeter" name="test_reference_updates_after_forward" time="0.000" /><testcase classname="powermeter.deadband_test.TestDeadBandPowermeter" name="test_return_value_does_not_mutate_internal_state" time="0.000" /><testcase classname="powermeter.deadband_test.TestDeadBandPowermeter" name="test_three_phase_all_within_deadband_suppressed" time="0.000" /><testcase classname="powermeter.deadband_test.TestDeadBandPowermeter" name="test_three_phase_any_phase_triggers_update" time="0.000" /><testcase classname="powermeter.deadband_test.TestDeadBandPowermeter" name="test_wait_for_message_passthrough" time="0.000" /><testcase classname="powermeter.ema_test.TestExponentialMovingAveragePowermeter" name="test_alpha_one_returns_raw_value" time="0.001" /><testcase classname="powermeter.ema_test.TestExponentialMovingAveragePowermeter" name="test_ema_converges_towards_stable_value" time="0.002" /><testcase classname="powermeter.ema_test.TestExponentialMovingAveragePowermeter" name="test_ema_interval_background_thread_is_daemon" time="0.001" /><testcase classname="powermeter.ema_test.TestExponentialMovingAveragePowermeter" name="test_ema_interval_background_thread_updates_ema" time="0.401" /><testcase classname="powermeter.ema_test.TestExponentialMovingAveragePowermeter" name="test_ema_interval_does_not_call_underlying_on_get" time="0.001" /><testcase classname="powermeter.ema_test.TestExponentialMovingAveragePowermeter" name="test_ema_interval_returns_value_from_background_thread" time="0.001" /><testcase classname="powermeter.ema_test.TestExponentialMovingAveragePowermeter" name="test_ema_interval_zero_uses_synchronous_mode" time="0.000" /><testcase classname="powermeter.ema_test.TestExponentialMovingAveragePowermeter" name="test_ema_smoothing_single_phase" time="0.000" /><testcase classname="powermeter.ema_test.TestExponentialMovingAveragePowermeter" name="test_ema_smoothing_three_phase" time="0.000" /><testcase classname="powermeter.ema_test.TestExponentialMovingAveragePowermeter" name="test_first_reading_initialises_ema" time="0.000" /><testcase classname="powermeter.ema_test.TestExponentialMovingAveragePowermeter" name="test_invalid_alpha_raises_error" time="0.000" /><testcase classname="powermeter.ema_test.TestExponentialMovingAveragePowermeter" name="test_wait_for_message_passthrough" time="0.000" /><testcase classname="powermeter.emlog_test.TestEmlog" name="test_get_powermeter_watts_no_calculate" time="0.001" /><testcase classname="powermeter.emlog_test.TestEmlog" name="test_get_powermeter_watts_with_calculate" time="0.001" /><testcase classname="powermeter.esphome_test.TestESPHome" name="test_esphome_get_powermeter_watts" time="0.001" /><testcase classname="powermeter.holdtimer_test.TestHoldTimerPowermeter" name="test_first_reading_forwarded_immediately" time="0.000" /><testcase classname="powermeter.holdtimer_test.TestHoldTimerPowermeter" name="test_hold_window_resets_after_update" time="0.000" /><testcase classname="powermeter.holdtimer_test.TestHoldTimerPowermeter" name="test_invalid_hold_time_raises_error" time="0.000" /><testcase classname="powermeter.holdtimer_test.TestHoldTimerPowermeter" name="test_new_value_forwarded_after_hold_expires" time="0.000" /><testcase classname="powermeter.holdtimer_test.TestHoldTimerPowermeter" name="test_real_time_hold" time="0.151" /><testcase classname="powermeter.holdtimer_test.TestHoldTimerPowermeter" name="test_return_value_does_not_mutate_internal_state" time="0.001" /><testcase classname="powermeter.holdtimer_test.TestHoldTimerPowermeter" name="test_three_phase_values_held" time="0.001" /><testcase classname="powermeter.holdtimer_test.TestHoldTimerPowermeter" name="test_value_held_during_hold_window" time="0.000" /><testcase classname="powermeter.holdtimer_test.TestHoldTimerPowermeter" name="test_wait_for_message_passthrough" time="0.000" /><testcase classname="powermeter.homeassistant_test.TestPowermeters" name="test_homeassistant_get_powermeter_watts" time="0.001" /><testcase classname="powermeter.homeassistant_test.TestPowermeters" name="test_homeassistant_get_powermeter_watts_three_phase" time="0.001" /><testcase classname="powermeter.homeassistant_test.TestPowermeters" name="test_homeassistant_get_powermeter_watts_three_phase_calculated" time="0.001" /><testcase classname="powermeter.homeassistant_test.TestPowermeters" name="test_homeassistant_path_prefix" time="0.001" /><testcase classname="powermeter.iobroker_test.TestIoBroker" name="test_get_powermeter_watts_no_calculate" time="0.001" /><testcase classname="powermeter.iobroker_test.TestIoBroker" name="test_get_powermeter_watts_with_calculate" time="0.001" /><testcase classname="powermeter.json_http_test.TestJsonHttpPowermeter" name="test_headers_and_auth" time="0.007" /><testcase classname="powermeter.json_http_test.TestJsonHttpPowermeter" name="test_single_phase" time="0.005" /><testcase classname="powermeter.json_http_test.TestJsonHttpPowermeter" name="test_three_phase" time="0.023" /><testcase classname="powermeter.modbus_test.TestPowermeters" name="test_modbuspowermeter_float32" time="0.001" /><testcase classname="powermeter.modbus_test.TestPowermeters" name="test_modbuspowermeter_get_powermeter_watts" time="0.001" /><testcase classname="powermeter.modbus_test.TestPowermeters" name="test_modbuspowermeter_input_registers" time="0.001" /><testcase classname="powermeter.mqtt_test.TestExtractJsonValue" name="test_extract_curr_w" time="0.004" /><testcase classname="powermeter.mqtt_test.TestExtractJsonValue" name="test_extract_float_value" time="0.004" /><testcase classname="powermeter.mqtt_test.TestExtractJsonValue" name="test_extract_from_array" time="0.004" /><testcase classname="powermeter.mqtt_test.TestExtractJsonValue" name="test_extract_nonexistent_path" time="0.004" /><testcase classname="powermeter.offset_test.TestOffsetPowermeter" name="test_negative_offset_single_phase" time="0.000" /><testcase classname="powermeter.offset_test.TestOffsetPowermeter" name="test_offset_applied_to_all_phases" time="0.000" /><testcase classname="powermeter.offset_test.TestOffsetPowermeter" name="test_offset_does_not_mutate_original_list" time="0.000" /><testcase classname="powermeter.offset_test.TestOffsetPowermeter" name="test_positive_offset_single_phase" time="0.000" /><testcase classname="powermeter.offset_test.TestOffsetPowermeter" name="test_wait_for_message_passthrough" time="0.000" /><testcase classname="powermeter.offset_test.TestOffsetPowermeter" name="test_zero_offset_returns_raw_value" time="0.000" /><testcase classname="powermeter.pid_test.TestPidPowermeter" name="test_all_gains_zero_passthrough" time="0.000" /><testcase classname="powermeter.pid_test.TestPidPowermeter" name="test_anti_windup_stops_integration" time="0.001" /><testcase classname="powermeter.pid_test.TestPidPowermeter" name="test_derivative_reacts_to_change" time="0.001" /><testcase classname="powermeter.pid_test.TestPidPowermeter" name="test_does_not_mutate_wrapped_list" time="0.000" /><testcase classname="powermeter.pid_test.TestPidPowermeter" name="test_first_call_no_derivative_spike" time="0.000" /><testcase classname="powermeter.pid_test.TestPidPowermeter" name="test_integral_accumulates_over_time" time="0.002" /><testcase classname="powermeter.pid_test.TestPidPowermeter" name="test_invalid_mode_raises" time="0.000" /><testcase classname="powermeter.pid_test.TestPidPowermeter" name="test_invalid_output_max_raises" time="0.000" /><testcase classname="powermeter.pid_test.TestPidPowermeter" name="test_mode_case_insensitive" time="0.000" /><testcase classname="powermeter.pid_test.TestPidPowermeter" name="test_multiphase_bias" time="0.000" /><testcase classname="powermeter.pid_test.TestPidPowermeter" name="test_multiphase_replace" time="0.000" /><testcase classname="powermeter.pid_test.TestPidPowermeter" name="test_output_clamped_negative" time="0.000" /><testcase classname="powermeter.pid_test.TestPidPowermeter" name="test_output_clamped_positive" time="0.000" /><testcase classname="powermeter.pid_test.TestPidPowermeter" name="test_p_only_negative_error" time="0.000" /><testcase classname="powermeter.pid_test.TestPidPowermeter" name="test_p_only_positive_error" time="0.000" /><testcase classname="powermeter.pid_test.TestPidPowermeter" name="test_replace_mode" time="0.000" /><testcase classname="powermeter.pid_test.TestPidPowermeter" name="test_wait_for_message_passthrough" time="0.000" /><testcase classname="powermeter.script_test.TestScript" name="test_script_get_powermeter_watts_float" time="0.002" /><testcase classname="powermeter.script_test.TestScript" name="test_script_get_powermeter_watts_integer" time="0.001" /><testcase classname="powermeter.shelly_test.TestShelly" name="test_shelly1pm_get_powermeter_watts" time="0.001" /><testcase classname="powermeter.shelly_test.TestShelly" name="test_shelly3em_get_powermeter_watts" time="0.001" /><testcase classname="powermeter.shelly_test.TestShelly" name="test_shelly3empro_get_powermeter_watts" time="0.001" /><testcase classname="powermeter.shelly_test.TestShelly" name="test_shellyem_get_powermeter_watts" time="0.001" /><testcase classname="powermeter.shelly_test.TestShelly" name="test_shellyplus1pm_get_powermeter_watts" time="0.001" /><testcase classname="powermeter.shrdzm_test.TestShrdzm" name="test_shrdzm_get_powermeter_watts" time="0.001" /><testcase classname="powermeter.slewrate_test.TestSlewRatePowermeter" name="test_first_reading_returned_unchanged" time="0.000" /><testcase classname="powermeter.slewrate_test.TestSlewRatePowermeter" name="test_invalid_slew_rate_raises_error" time="0.000" /><testcase classname="powermeter.slewrate_test.TestSlewRatePowermeter" name="test_large_jump_is_slew_limited" time="0.000" /><testcase classname="powermeter.slewrate_test.TestSlewRatePowermeter" name="test_negative_jump_is_slew_limited" time="0.000" /><testcase classname="powermeter.slewrate_test.TestSlewRatePowermeter" name="test_slew_converges_to_target_over_time" time="0.001" /><testcase classname="powermeter.slewrate_test.TestSlewRatePowermeter" name="test_small_change_passes_through_immediately" time="0.000" /><testcase classname="powermeter.slewrate_test.TestSlewRatePowermeter" name="test_three_phase_each_phase_slewed_independently" time="0.000" /><testcase classname="powermeter.slewrate_test.TestSlewRatePowermeter" name="test_wait_for_message_passthrough" time="0.000" /><testcase classname="powermeter.tasmota_test.TestTasmota" name="test_tasmota_get_powermeter_watts" time="0.001" /><testcase classname="powermeter.throttling_test.TestThrottledPowermeter" name="test_exception_handling" time="0.101" /><testcase classname="powermeter.throttling_test.TestThrottledPowermeter" name="test_no_throttling_always_fetches_fresh_values" time="0.001" /><testcase classname="powermeter.throttling_test.TestThrottledPowermeter" name="test_throttling_fetches_fresh_after_interval" time="0.201" /><testcase classname="powermeter.throttling_test.TestThrottledPowermeter" name="test_throttling_waits_for_interval" time="0.201" /><testcase classname="powermeter.throttling_test.TestThrottledPowermeter" name="test_wait_for_message_passthrough" time="0.001" /><testcase classname="powermeter.tq_em_test.TestTQEnergyManager" name="test_missing_export" time="0.002" /><testcase classname="powermeter.tq_em_test.TestTQEnergyManager" name="test_relogin_on_expired_session" time="0.003" /><testcase classname="powermeter.tq_em_test.TestTQEnergyManager" name="test_three_phase" time="0.002" /><testcase classname="powermeter.tq_em_test.TestTQEnergyManager" name="test_three_phase_missing_export" time="0.003" /><testcase classname="powermeter.tq_em_test.TestTQEnergyManager" name="test_total_only" time="0.002" /><testcase classname="powermeter.vzlogger_test.TestVZLogger" name="test_vzlogger_get_powermeter_watts" time="0.001" /><testcase classname="shelly.shelly_udp_test.TestShellyUDP" name="test_multiple_requests_with_throttling" time="0.403" /><testcase classname="tests.test_no_pep585" name="test_no_pep585_generics" time="0.047" /></testsuite></testsuites>